// Jest Snapshot v1, https://goo.gl/fbAQLP

exports[`Component Alert should render correctly 1`] = `null`;

exports[`Component Alert should update content of the message correctly 1`] = `null`;
